// Jest Snapshot v1, https://goo.gl/fbAQLP

exports[`Proving <SearchPage /> should display the screen by default 1`] = `
<div>
  <h1>
    Search
  </h1>
  <hr />
  <div
    class="row"
  >
    <div
      class="col-5"
    >
      <h4>
        Searching
      </h4>
      <hr />
      <form
        aria-label="form"
      >
        <input
          autocomplete="off"
          class="form-control"
          name="searchText"
          placeholder="Search Hero"
          type="text"
          value=""
        />
        <button
          class="btn btn-outline-primary mt-1"
        >
          Search
        </button>
      </form>
    </div>
    <div
      class="col-7"
    >
      <h4>
        Results
      </h4>
      <hr />
      <div
        class="alert alert-primary animate__animated animate__fadeIn"
      >
        Search Hero
      </div>
      <div
        aria-label="alert-danger"
        class="alert alert-danger animate__animated animate__fadeIn"
        style="display: none;"
      >
        There ar en't results such 
        <b />
         specified
      </div>
    </div>
  </div>
</div>
`;
